
idaFoodWeb_ReSolve: Predator-prey DAE example for IDA

Number of species ns: 2     Mesh dimensions: 20 x 20     System size: 800
Tolerance parameters:  rtol = 1e-05   atol = 1e-05
Linear solver: ReSolve KLU with CPU backend
CalcIC called to correct initial predator concentrations.

-----------------------------------------------------------
  t        bottom-left  top-right    | nst  k      h
-----------------------------------------------------------

0.00e+00   1.0000e+01   1.0000e+01   |   0  0   1.6310e-08
           1.0000e+05   1.0000e+05   |

1.00e-03   1.0318e+01   1.0827e+01   |  32  4   1.0823e-04
           1.0319e+05   1.0822e+05   |

1.00e-02   1.6189e+02   1.9735e+02   | 137  3   1.1679e-04
           1.6189e+06   1.9735e+06   |

1.00e-01   2.4019e+02   2.7072e+02   | 235  1   2.3789e-02
           2.4019e+06   2.7072e+06   |

4.00e-01   2.4019e+02   2.7072e+02   | 240  1   1.9031e-01
           2.4019e+06   2.7072e+06   |

7.00e-01   2.4019e+02   2.7072e+02   | 242  1   1.9031e-01
           2.4019e+06   2.7072e+06   |

1.00e+00   2.4019e+02   2.7072e+02   | 243  1   3.8062e-01
           2.4019e+06   2.7072e+06   |

-----------------------------------------------------------
Final run statistics: 

Number of steps                    = 243
Number of residual evaluations     = 457
Number of Jacobian evaluations     = 47
Number of nonlinear iterations     = 455
Number of error test failures      = 8
Number of nonlinear conv. failures = 11
Number of step solver failures     = 4

-----------------------------------------------------------

idaFoodWeb_ReSolve: Predator-prey DAE example for IDA

Number of species ns: 2     Mesh dimensions: 20 x 20     System size: 800
Tolerance parameters:  rtol = 1e-05   atol = 1e-05
Linear solver: ReSolve KLU with CUDA backend
CalcIC called to correct initial predator concentrations.

-----------------------------------------------------------
  t        bottom-left  top-right    | nst  k      h
-----------------------------------------------------------

0.00e+00   1.0000e+01   1.0000e+01   |   0  0   1.6310e-08
           1.0000e+05   1.0000e+05   |

1.00e-03   1.0318e+01   1.0827e+01   |  32  4   1.0823e-04
           1.0319e+05   1.0822e+05   |

1.00e-02   1.6189e+02   1.9735e+02   | 137  3   1.1681e-04
           1.6189e+06   1.9735e+06   |

1.00e-01   2.4019e+02   2.7072e+02   | 235  1   2.3775e-02
           2.4019e+06   2.7072e+06   |

4.00e-01   2.4019e+02   2.7072e+02   | 240  1   1.9020e-01
           2.4019e+06   2.7072e+06   |

7.00e-01   2.4019e+02   2.7072e+02   | 241  1   3.8040e-01
           2.4019e+06   2.7072e+06   |

1.00e+00   2.4019e+02   2.7072e+02   | 242  1   7.6080e-01
           2.4019e+06   2.7072e+06   |

-----------------------------------------------------------
Final run statistics: 

Number of steps                    = 242
Number of residual evaluations     = 453
Number of Jacobian evaluations     = 45
Number of nonlinear iterations     = 451
Number of error test failures      = 8
Number of nonlinear conv. failures = 10
Number of step solver failures     = 3